
> frontend-dashboard@0.1.0 build
> next build

▲ Next.js 16.2.2 (Turbopack)

  Creating an optimized production build ...
✓ Compiled successfully in 3.4s
  Running TypeScript ...
  Finished TypeScript in 117ms ...
  Collecting page data using 7 workers ...
  Generating static pages using 7 workers (0/10) ...
⨯ useSearchParams() should be wrapped in a suspense boundary at page "/dashboard/proporitydetail". Read more: https://nextjs.org/docs/messages/missing-suspense-with-csr-bailout
    at S (C:\Project\Personal\Prime Builder\Dashboard-Frontend-Islamabad-Prime-Builder\.next\server\chunks\ssr\node_modules_next_0w2y7fz._.js:2:2692)
    at r (C:\Project\Personal\Prime Builder\Dashboard-Frontend-Islamabad-Prime-Builder\.next\server\chunks\ssr\node_modules_next_0w2y7fz._.js:4:6760)
    at C:\Project\Personal\Prime Builder\Dashboard-Frontend-Islamabad-Prime-Builder\.next\server\chunks\ssr\_0t241hc._.js:1:8882
    at an (C:\Project\Personal\Prime Builder\Dashboard-Frontend-Islamabad-Prime-Builder\node_modules\next\dist\compiled\next-server\app-page-turbo.runtime.prod.js:2:84267)
    at ai (C:\Project\Personal\Prime Builder\Dashboard-Frontend-Islamabad-Prime-Builder\node_modules\next\dist\compiled\next-server\app-page-turbo.runtime.prod.js:2:86086)
    at al (C:\Project\Personal\Prime Builder\Dashboard-Frontend-Islamabad-Prime-Builder\node_modules\next\dist\compiled\next-server\app-page-turbo.runtime.prod.js:2:107860)
    at ao (C:\Project\Personal\Prime Builder\Dashboard-Frontend-Islamabad-Prime-Builder\node_modules\next\dist\compiled\next-server\app-page-turbo.runtime.prod.js:2:105275)
    at aa (C:\Project\Personal\Prime Builder\Dashboard-Frontend-Islamabad-Prime-Builder\node_modules\next\dist\compiled\next-server\app-page-turbo.runtime.prod.js:2:84619)
    at ai (C:\Project\Personal\Prime Builder\Dashboard-Frontend-Islamabad-Prime-Builder\node_modules\next\dist\compiled\next-server\app-page-turbo.runtime.prod.js:2:86135)
    at ai (C:\Project\Personal\Prime Builder\Dashboard-Frontend-Islamabad-Prime-Builder\node_modules\next\dist\compiled\next-server\app-page-turbo.runtime.prod.js:2:104615)
Error occurred prerendering page "/dashboard/proporitydetail". Read more: https://nextjs.org/docs/messages/prerender-error
Export encountered an error on /dashboard/proporitydetail/page: /dashboard/proporitydetail, exiting the build.
⨯ Next.js build worker exited with code: 1 and signal: null
